[wpriverthemes.com/gridx/index.html]
[backblue.gif]
[fade.gif]
[index.html]
[wpriverthemes.com/gridx/wp-includes/css/dist/block-library/style.min3781.css]
[wpriverthemes.com/gridx/feed/index.html]
[wpriverthemes.com/gridx/comments/feed/index.html]
[wpriverthemes.com/gridx/wp-content/plugins/contact-form-7/includes/css/stylesf2b4.css]
[wpriverthemes.com/gridx/wp-content/plugins/redux-framework/redux-core/assets/css/extendify-utilitiesd22c.css]
[wpriverthemes.com/gridx/wp-content/themes/gridx/assets/css/aos3781.css]
[wpriverthemes.com/gridx/wp-content/themes/gridx/assets/css/bootstrap.min3781.css]
[wpriverthemes.com/gridx/wp-content/themes/gridx/assets/css/iconoir3781.css]
[wpriverthemes.com/gridx/wp-content/themes/gridx/assets/css/style3781.css]
[wpriverthemes.com/gridx/wp-content/themes/gridx/assets/css/gridx-unit-test3781.css]
[wpriverthemes.com/gridx/wp-content/plugins/elementor/assets/lib/eicons/css/elementor-icons.minfc13.css]
[wpriverthemes.com/gridx/wp-content/plugins/elementor/assets/css/frontend-lite.mina1c3.css]
[wpriverthemes.com/gridx/wp-content/plugins/elementor/assets/lib/swiper/v8/css/swiper.min94a4.css]
[wpriverthemes.com/gridx/wp-content/uploads/elementor/css/post-16ad38.css]
[wpriverthemes.com/gridx/wp-content/uploads/elementor/css/globalad38.css]
[wpriverthemes.com/gridx/wp-content/uploads/elementor/css/post-13d3c4.css]
[wpriverthemes.com/gridx/wp-includes/js/jquery/jquery.min5aed.js]
[wpriverthemes.com/gridx/wp-includes/js/jquery/jquery-migrate.min6b00.js]
[wpriverthemes.com/gridx/wp-json/index.html]
[wpriverthemes.com/gridx/wp-json/wp/v2/pages/13.json]
[wpriverthemes.com/gridx/xmlrpc0db0.php]
[wpriverthemes.com/gridx/wp-includes/wlwmanifest.xml]
[wpriverthemes.com/gridx/wp-json/oembed/1.0/embed00f2.json]
[wpriverthemes.com/gridx/wp-json/oembed/1.0/embed8394]
[wpriverthemes.com/gridx/wp-content/themes/gridx/assets/images/logo.svg]
[wpriverthemes.com/gridx/wp-content/themes/gridx/assets/images/bg1.png]
[wpriverthemes.com/gridx/about-page/index.html]
[wpriverthemes.com/gridx/contact-info/index.html]
[wpriverthemes.com/gridx/wp-content/uploads/2023/04/me.png]
[wpriverthemes.com/gridx/work/index.html]
[wpriverthemes.com/gridx/wp-content/themes/gridx/assets/images/icon.svg]
[wpriverthemes.com/gridx/wp-content/uploads/2023/04/star1.svg]
[wpriverthemes.com/gridx/wp-content/uploads/2023/04/sign.png]
[wpriverthemes.com/gridx/credential/index.html]
[wpriverthemes.com/gridx/wp-content/uploads/2023/04/my-works.png]
[wpriverthemes.com/gridx/wp-content/uploads/2023/04/gfonts.png]
[wpriverthemes.com/gridx/consulted-admitting-is-power-acuteness/index.html]
[wpriverthemes.com/gridx/wp-content/themes/gridx/assets/images/icon2.png]
[wpriverthemes.com/gridx/service-offerings/index.html]
[wpriverthemes.com/gridx/wp-content/plugins/contact-form-7/includes/swv/js/indexf2b4.js]
[wpriverthemes.com/gridx/wp-content/plugins/contact-form-7/includes/js/indexf2b4.js]
[wpriverthemes.com/gridx/wp-content/themes/gridx/assets/js/bootstrap.bundle.min3781.js]
[wpriverthemes.com/gridx/wp-content/themes/gridx/assets/js/aos3781.js]
[wpriverthemes.com/gridx/wp-content/themes/gridx/assets/js/main3781.js]
[wpriverthemes.com/gridx/wp-content/themes/gridx/assets/js/ajax-form3781.js]
[wpriverthemes.com/gridx/wp-content/plugins/elementor/assets/js/webpack.runtime.mina1c3.js]
[wpriverthemes.com/gridx/wp-content/plugins/elementor/assets/js/frontend-modules.mina1c3.js]
[wpriverthemes.com/gridx/wp-content/plugins/elementor/assets/lib/waypoints/waypoints.min05da.js]
[wpriverthemes.com/gridx/wp-includes/js/jquery/ui/core.min3f14.js]
[wpriverthemes.com/gridx/index.html]
[wpriverthemes.com/gridx/wp-includes/css/dist/block-library/style.min3781.css]
[wpriverthemes.com/gridx/wp-includes/css/classic-themes.min3781.css]
[wpriverthemes.com/gridx/wp-content/plugins/contact-form-7/includes/css/stylesf2b4.css]
[wpriverthemes.com/gridx/wp-content/plugins/redux-framework/redux-core/assets/css/extendify-utilitiesd22c.css]
[wpriverthemes.com/gridx/wp-content/plugins/elementor/assets/js/frontend.mina1c3.js]
[wpriverthemes.com/gridx/wp-content/themes/gridx/assets/css/iconoir3781.css]
[wpriverthemes.com/gridx/wp-content/themes/gridx/assets/css/bootstrap.min3781.css]
[wpriverthemes.com/gridx/wp-content/themes/gridx/assets/css/aos3781.css]
[wpriverthemes.com/gridx/wp-content/themes/gridx/assets/css/style3781.css]
[wpriverthemes.com/gridx/wp-content/themes/gridx/assets/css/gridx-unit-test3781.css]
[wpriverthemes.com/gridx/wp-content/plugins/elementor/assets/lib/eicons/fonts/eiconsb732.eot]
[wpriverthemes.com/gridx/wp-content/plugins/elementor/assets/lib/eicons/fonts/eiconsb732.woff2]
[wpriverthemes.com/gridx/wp-content/plugins/elementor/assets/lib/eicons/fonts/eiconsb732.woff]
[wpriverthemes.com/gridx/wp-content/plugins/elementor/assets/lib/eicons/css/elementor-icons.minfc13.css]
[wpriverthemes.com/gridx/wp-content/plugins/elementor/assets/css/frontend-lite.mina1c3.css]
[wpriverthemes.com/gridx/wp-content/plugins/elementor/assets/lib/swiper/v8/css/swiper.min94a4.css]
[wpriverthemes.com/gridx/wp-content/uploads/elementor/css/post-16ad38.css]
[wpriverthemes.com/gridx/wp-content/uploads/elementor/css/globalad38.css]
[wpriverthemes.com/gridx/wp-content/uploads/elementor/css/post-13d3c4.css]
[wpriverthemes.com/gridx/wp-includes/js/jquery/jquery.min5aed.js]
[wpriverthemes.com/gridx/wp-includes/js/jquery/jquery-migrate.min6b00.js]
[wpriverthemes.com/gridx/wp-content/themes/gridx/assets/images/logo.svg]
[wpriverthemes.com/gridx/wp-content/plugins/elementor/assets/lib/eicons/fonts/eiconsb732.svg]
[wpriverthemes.com/gridx/wp-content/plugins/elementor/assets/lib/eicons/fonts/eiconsb732.ttf]
[wpriverthemes.com/gridx/wp-content/uploads/elementor/css/post-92632c7.css]
[wpriverthemes.com/gridx/wp-json/wp/v2/pages/926.json]
[wpriverthemes.com/gridx/wp-json/oembed/1.0/embed9284.json]
[wpriverthemes.com/gridx/wp-json/oembed/1.0/embed2968]
[wpriverthemes.com/gridx/wp-content/uploads/2023/04/me2.png]
[wpriverthemes.com/gridx/wp-content/themes/gridx/assets/images/star-2.png]
[wpriverthemes.com/gridx/about-page/index.html]
[wpriverthemes.com/gridx/wp-content/uploads/elementor/css/post-1084ad38.css]
[wpriverthemes.com/gridx/wp-json/wp/v2/pages/1084.json]
[wpriverthemes.com/gridx/wp-json/oembed/1.0/embedcf38.json]
[wpriverthemes.com/gridx/wp-json/oembed/1.0/embed71bd]
[wpriverthemes.com/gridx/wp-content/uploads/2023/04/project1.jpg]
[wpriverthemes.com/gridx/workdetail-page/index.html]
[wpriverthemes.com/gridx/wp-content/uploads/2023/04/project2.jpg]
[wpriverthemes.com/gridx/wp-content/uploads/2023/04/project3.jpg]
[wpriverthemes.com/gridx/wp-content/uploads/2023/04/project5.jpg]
[wpriverthemes.com/gridx/wp-content/uploads/2023/04/project4.jpg]
[wpriverthemes.com/gridx/wp-content/uploads/2023/04/project6.jpg]
[wpriverthemes.com/gridx/work/index.html]
[wpriverthemes.com/gridx/wp-json/wp/v2/pages/1560.json]
[wpriverthemes.com/gridx/wp-json/oembed/1.0/embed7262.json]
[wpriverthemes.com/gridx/contact-info/index.html]
[wpriverthemes.com/gridx/wp-content/themes/gridx/assets/images/icon.svg]
[wpriverthemes.com/gridx/wp-content/uploads/2023/04/star1.svg]
[wpriverthemes.com/gridx/wp-json/oembed/1.0/embed998f]
[wpriverthemes.com/gridx/wp-json/wp/v2/pages/1065.json]
[wpriverthemes.com/gridx/wp-json/oembed/1.0/embed3175.json]
[wpriverthemes.com/gridx/wp-json/oembed/1.0/embed30bc]
[wpriverthemes.com/gridx/wp-content/themes/gridx/assets/images/me.png]
[wpriverthemes.com/gridx/credential/index.html]
[wpriverthemes.com/gridx/wp-json/wp/v2/posts/3197.json]
[wpriverthemes.com/gridx/consulted-admitting-is-power-acuteness/feed/index.html]
[wpriverthemes.com/gridx/wp-json/oembed/1.0/embed67c7.json]
[wpriverthemes.com/gridx/wp-json/oembed/1.0/embed9d24]
[wpriverthemes.com/gridx/wp-content/uploads/2023/06/blog1.jpg]
[wpriverthemes.com/gridx/wp-includes/js/comment-reply.min3781.js]
[wpriverthemes.com/gridx/consulted-admitting-is-power-acuteness/index.html]
[wpriverthemes.com/gridx/tag/developement/index.html]
[wpriverthemes.com/gridx/tag/sass/index.html]
[wpriverthemes.com/gridx/category/uncategorized/index.html]
[wpriverthemes.com/gridx/discovery-incommode-earnestly-he-commanded/index.html]
[wpriverthemes.com/gridx/unsatiable-entreaties-may-collecting-power/index.html]
[wpriverthemes.com/gridx/wp-content/uploads/elementor/css/post-1119e185.css]
[wpriverthemes.com/gridx/wp-json/wp/v2/pages/1119.json]
[wpriverthemes.com/gridx/wp-json/oembed/1.0/embed2bf9.json]
[wpriverthemes.com/gridx/service-offerings/index.html]
[wpriverthemes.com/gridx/wp-json/oembed/1.0/embedbf60]
[wpriverthemes.com/gridx/t]
[wpriverthemes.com/gridx/wp-content/plugins/contact-form-7/includes/swv/js/indexf2b4.js]
[wpriverthemes.com/gridx/wp-content/plugins/contact-form-7/includes/js/indexf2b4.js]
[wpriverthemes.com/gridx/wp-content/themes/gridx/assets/js/bootstrap.bundle.min3781.js]
[wpriverthemes.com/gridx/wp-content/themes/gridx/assets/js/aos3781.js]
[wpriverthemes.com/gridx/wp-content/themes/gridx/assets/js/main3781.js]
[wpriverthemes.com/gridx/wp-content/themes/gridx/assets/js/ajax-form3781.html]
[wpriverthemes.com/gridx/wp-content/plugins/elementor/assets/js/webpack.runtime.mina1c3.js]
[wpriverthemes.com/gridx/wp-content/plugins/elementor/assets/js/frontend-modules.mina1c3.js]
[wpriverthemes.com/gridx/wp-content/plugins/elementor/assets/lib/waypoints/waypoints.min05da.js]
[wpriverthemes.com/gridx/wp-includes/js/jquery/ui/core.min3f14.js]
[wpriverthemes.com/gridx/dist/index.html]
[wpriverthemes.com/gridx/-negative.svg]
[wpriverthemes.com/gridx/wp-content/plugins/elementor/assets/js/frontend.mina1c3.js]
[wpriverthemes.com/gridx/wp-content/plugins/elementor/assets/lib/eicons/fonts/eiconsb732.svg]
[wpriverthemes.com/gridx/wp-content/uploads/elementor/css/post-92632c7.css]
[wpriverthemes.com/gridx/index2b15.html]
[wpriverthemes.com/gridx/wp-content/uploads/elementor/css/post-1084ad38.css]
[wpriverthemes.com/gridx/index8e49.html]
[wpriverthemes.com/gridx/wp-content/uploads/elementor/css/post-1400d60d.css]
[wpriverthemes.com/gridx/OPR/index.html]
[wpriverthemes.com/gridx/wp-json/wp/v2/pages/1400.json]
[wpriverthemes.com/gridx/wp-json/oembed/1.0/embede770.json]
[wpriverthemes.com/gridx/wp-json/oembed/1.0/embedf791]
[wpriverthemes.com/gridx/wp-content/uploads/2023/04/project-dt-1.jpg]
[wpriverthemes.com/gridx/wp-content/uploads/2023/04/project3-1.jpg]
[wpriverthemes.com/gridx/workdetail-page/index.html]
[wpriverthemes.com/gridx/wp-content/uploads/elementor/css/post-1560e7ea.css]
[wpriverthemes.com/gridx/index9fdd.html]
[wpriverthemes.com/gridx/wp-content/uploads/elementor/css/post-10650407.css]
[wpriverthemes.com/gridx/index6421.html]
[wpriverthemes.com/gridx/index78e5.html]
[wpriverthemes.com/gridx/category/uncategorized/feed/index.html]
[wpriverthemes.com/gridx/wp-json/wp/v2/categories/1.json]
[wpriverthemes.com/gridx/wp-content/uploads/2023/06/blog3.jpg]
[wpriverthemes.com/gridx/wp-content/uploads/2023/06/blog2.jpg]
[wpriverthemes.com/gridx/category/uncategorized/index.html]
[wpriverthemes.com/gridx/wp-json/wp/v2/tags/6.json]
[wpriverthemes.com/gridx/tag/developement/index.html]
[wpriverthemes.com/gridx/tag/sass/feed/index.html]
[wpriverthemes.com/gridx/wp-json/wp/v2/tags/5.json]
[wpriverthemes.com/gridx/tag/sass/index.html]
[wpriverthemes.com/gridx/tag/developement/feed/index.html]
[wpriverthemes.com/gridx/wp-json/wp/v2/posts/3207.json]
[wpriverthemes.com/gridx/discovery-incommode-earnestly-he-commanded/feed/index.html]
[wpriverthemes.com/gridx/wp-json/oembed/1.0/embed4e9e.json]
[wpriverthemes.com/gridx/discovery-incommode-earnestly-he-commanded/index.html]
[wpriverthemes.com/gridx/wp-json/oembed/1.0/embed84bf]
[wpriverthemes.com/gridx/wp-json/wp/v2/posts/3204.json]
[wpriverthemes.com/gridx/unsatiable-entreaties-may-collecting-power/feed/index.html]
[wpriverthemes.com/gridx/wp-json/oembed/1.0/embed031e.json]
[wpriverthemes.com/gridx/unsatiable-entreaties-may-collecting-power/index.html]
[wpriverthemes.com/gridx/wp-includes/js/comment-reply.min3781.js]
[wpriverthemes.com/gridx/wp-content/uploads/elementor/css/post-1119e185.css]
[wpriverthemes.com/gridx/indexb51f.html]
[wpriverthemes.com/gridx/t.html]
[wpriverthemes.com/gridx/dist/index.html]
[wpriverthemes.com/gridx/-negative.html]
[wpriverthemes.com/gridx/OPR/index.html]
[wpriverthemes.com/gridx/wp-content/uploads/elementor/css/post-1400d60d.css]
[wpriverthemes.com/gridx/indexa7ea.html]
[wpriverthemes.com/gridx/indexb140.html]
[wpriverthemes.com/gridx/index8a03.html]
[wpriverthemes.com/gridx/wp-json/oembed/1.0/embededfe]
